[cvio-jekyll.netlify.app/index.html]
[backblue.gif]
[fade.gif]
[index.html]
[cvio-jekyll.netlify.app/assets/css/style.css]
[cvio-jekyll.netlify.app/assets/css/animate.css]
[cvio-jekyll.netlify.app/assets/css/magnific-popup.css]
[cvio-jekyll.netlify.app/assets/css/swiper.css]
[cvio-jekyll.netlify.app/assets/css/fontawesome.css]
[cvio-jekyll.netlify.app/assets/css/syntax.css]
[cvio-jekyll.netlify.app/assets/images/favicons/favicon.ico]
[cvio-jekyll.netlify.app/feed.xml]
[cvio-jekyll.netlify.app/assets/img/man.jpg]
[cvio-jekyll.netlify.app/index-default/index.html]
[cvio-jekyll.netlify.app/index-image/index.html]
[cvio-jekyll.netlify.app/index-slider/index.html]
[cvio-jekyll.netlify.app/index-video/index.html]
[cvio-jekyll.netlify.app/resume/index.html]
[cvio-jekyll.netlify.app/resume-image/index.html]
[cvio-jekyll.netlify.app/assets/js/jquery.min.js]
[cvio-jekyll.netlify.app/portfolio/index.html]
[cvio-jekyll.netlify.app/contacts-image/index.html]
[cvio-jekyll.netlify.app/contacts/index.html]
[cvio-jekyll.netlify.app/contacts-map/index.html]
[cvio-jekyll.netlify.app/blog/index.html]
[cvio-jekyll.netlify.app/assets/js/jquery.validate.js]
[cvio-jekyll.netlify.app/assets/js/jquery.magnific-popup.js]
[cvio-jekyll.netlify.app/assets/js/simpleParallax.js]
[cvio-jekyll.netlify.app/assets/js/jarallax.js]
[cvio-jekyll.netlify.app/assets/js/jarallax-video.js]
[cvio-jekyll.netlify.app/assets/js/jarallax-element.js]
[cvio-jekyll.netlify.app/assets/js/imagesloaded.pkgd.js]
[cvio-jekyll.netlify.app/assets/js/isotope.pkgd.js]
[cvio-jekyll.netlify.app/assets/js/swiper.js]
[cvio-jekyll.netlify.app/assets/js/typed.js]
[cvio-jekyll.netlify.app/assets/js/rrssb.js]
[cvio-jekyll.netlify.app/assets/js/grained.js]
[cvio-jekyll.netlify.app/assets/js/simple-jekyll-search.js]
[cvio-jekyll.netlify.app/index.html]
[cvio-jekyll.netlify.app/assets/js/main.js]
[cvio-jekyll.netlify.app/assets/css/style.css]
[cvio-jekyll.netlify.app/assets/css/animate.css]
[cvio-jekyll.netlify.app/assets/css/magnific-popup.css]
[cvio-jekyll.netlify.app/assets/css/jarallax.css]
[cvio-jekyll.netlify.app/assets/css/swiper.css]
[cvio-jekyll.netlify.app/assets/webfonts/fa-solid-900.eot]
[cvio-jekyll.netlify.app/assets/webfonts/fa-solid-900.woff2]
[cvio-jekyll.netlify.app/assets/webfonts/fa-solid-900d41d.eot]
[cvio-jekyll.netlify.app/assets/webfonts/fa-solid-900.woff]
[cvio-jekyll.netlify.app/assets/webfonts/fa-solid-900.ttf]
[cvio-jekyll.netlify.app/assets/webfonts/fa-brands-400.eot]
[cvio-jekyll.netlify.app/assets/webfonts/fa-brands-400d41d.eot]
[cvio-jekyll.netlify.app/assets/webfonts/fa-solid-900.svg]
[cvio-jekyll.netlify.app/assets/webfonts/fa-brands-400.woff2]
[cvio-jekyll.netlify.app/assets/webfonts/fa-brands-400.woff]
[cvio-jekyll.netlify.app/assets/webfonts/fa-brands-400.ttf]
[cvio-jekyll.netlify.app/assets/css/fontawesome.css]
[cvio-jekyll.netlify.app/assets/css/syntax.css]
[cvio-jekyll.netlify.app/index-default/index.html]
[cvio-jekyll.netlify.app/assets/webfonts/fa-brands-400.svg]
[cvio-jekyll.netlify.app/assets/img/started_image.jpg]
[cvio-jekyll.netlify.app/assets/img/started_image2.jpg]
[cvio-jekyll.netlify.app/assets/img/started_image3.jpg]
[cvio-jekyll.netlify.app/assets/img/started_image4.jpg]
[cvio-jekyll.netlify.app/index-slider/index.html]
[cvio-jekyll.netlify.app/assets/img/started_image_p.jpg]
[cvio-jekyll.netlify.app/index-image/index.html]
[cvio-jekyll.netlify.app/index-video/index.html]
[cvio-jekyll.netlify.app/assets/img/man2.jpg]
[cvio-jekyll.netlify.app/assets/img/team/team1.jpg]
[cvio-jekyll.netlify.app/resume/contact/index.html]
[cvio-jekyll.netlify.app/assets/img/team/team2.jpg]
[cvio-jekyll.netlify.app/assets/img/testimonials/rev1.jpg]
[cvio-jekyll.netlify.app/assets/img/clients/client1.png]
[cvio-jekyll.netlify.app/assets/img/clients/client2.png]
[cvio-jekyll.netlify.app/assets/img/clients/client3.png]
[cvio-jekyll.netlify.app/assets/img/clients/client4.png]
[cvio-jekyll.netlify.app/resume/index.html]
[cvio-jekyll.netlify.app/assets/img/resume_bg.jpg]
[cvio-jekyll.netlify.app/resume-image/index.html]
[cvio-jekyll.netlify.app/assets/img/works/work5.jpg]
[cvio-jekyll.netlify.app/resume-image/contact/index.html]
[cvio-jekyll.netlify.app/assets/img/works/work6.jpg]
[cvio-jekyll.netlify.app/assets/img/works/work7.jpg]
[cvio-jekyll.netlify.app/assets/img/works/work1.jpg]
[cvio-jekyll.netlify.app/assets/img/works/work2.jpg]
[cvio-jekyll.netlify.app/assets/img/works/work3.jpg]
[cvio-jekyll.netlify.app/assets/img/works/work4.jpg]
[cvio-jekyll.netlify.app/assets/img/works/work8.jpg]
[cvio-jekyll.netlify.app/portfolio/index.html]
[cvio-jekyll.netlify.app/assets/img/blog/blog_1.jpg]
[cvio-jekyll.netlify.app/video/music/2020/08/08/welcome-to-jekyll/index.html]
[cvio-jekyll.netlify.app/assets/img/blog/blog_5.jpg]
[cvio-jekyll.netlify.app/music/2020/08/05/by-spite-about/index.html]
[cvio-jekyll.netlify.app/assets/img/blog/blog_4.jpg]
[cvio-jekyll.netlify.app/design/2020/07/20/two-before-arrow/index.html]
[cvio-jekyll.netlify.app/assets/img/blog/blog_3.jpg]
[cvio-jekyll.netlify.app/mobile/2020/07/05/design-in-mobile/index.html]
[cvio-jekyll.netlify.app/assets/img/blog/blog_2.jpg]
[cvio-jekyll.netlify.app/design/2020/06/15/by-spite-what/index.html]
[cvio-jekyll.netlify.app/categories/design/index.html]
[cvio-jekyll.netlify.app/categories/mobile/index.html]
[cvio-jekyll.netlify.app/categories/music/index.html]
[cvio-jekyll.netlify.app/categories/video/index.html]
[cvio-jekyll.netlify.app/tags/jekyll/index.html]
[cvio-jekyll.netlify.app/tags/app/index.html]
[cvio-jekyll.netlify.app/tags/mobile/index.html]
[cvio-jekyll.netlify.app/tags/code/index.html]
[cvio-jekyll.netlify.app/blog/index.html]
[cvio-jekyll.netlify.app/contacts/index.html]
[cvio-jekyll.netlify.app/contacts-image/index.html]
[cvio-jekyll.netlify.app/tags/rock/index.html]
[cvio-jekyll.netlify.app/map.4a.delayed]
[cvio-jekyll.netlify.app/contacts-map/index.html]
[cvio-jekyll.netlify.app/assets/images/search.svg]
[cvio-jekyll.netlify.app/assets/webfonts/fa-solid-900.svg]
[cvio-jekyll.netlify.app/assets/webfonts/fa-brands-400.svg]
[cvio-jekyll.netlify.app/resume/contact/index.html]
[cvio-jekyll.netlify.app/resume-image/contact/index.html]
[cvio-jekyll.netlify.app/video/music/2020/08/08/welcome-to-jekyll/index.html]
[cvio-jekyll.netlify.app/music/2020/08/05/by-spite-about/index.html]
[cvio-jekyll.netlify.app/design/2020/07/20/two-before-arrow/index.html]
[cvio-jekyll.netlify.app/mobile/2020/07/05/design-in-mobile/index.html]
[cvio-jekyll.netlify.app/design/2020/06/15/by-spite-what/index.html]
[cvio-jekyll.netlify.app/categories/design/index.html]
[cvio-jekyll.netlify.app/categories/mobile/index.html]
[cvio-jekyll.netlify.app/categories/music/index.html]
[cvio-jekyll.netlify.app/categories/video/index.html]
[cvio-jekyll.netlify.app/tags/jekyll/index.html]
[cvio-jekyll.netlify.app/tags/app/index.html]
[cvio-jekyll.netlify.app/tags/mobile/index.html]
[cvio-jekyll.netlify.app/tags/code/index.html]
[cvio-jekyll.netlify.app/tags/rock/index.html]
[cvio-jekyll.netlify.app/map.html]
[glitche-jekyll-theme.disqus.com/embed.js]
